179.60.74.230 - - [29/Jul/2024:03:19:29 +0000] "GET / HTTP/1.1" 200 3460 "-" "Mozilla/5.0 (Windows NT 10.0; Win64; x64; rv:128.0) Gecko/20100101 Firefox/128.0"
179.60.74.230 - - [29/Jul/2024:03:19:29 +0000] "GET /icons/ubuntu-logo.png HTTP/1.1" 200 3607 "http://159.223.160.74/" "Mozilla/5.0 (Windows NT 10.0; Win64; x64; rv:128.0) Gecko/20100101 Firefox/128.0"
93.174.93.12 - - [29/Jul/2024:03:43:44 +0000] "GET / HTTP/1.0" 200 10945 "-" "Mozilla/5.0 (iPhone; CPU iPhone OS 12_3_1 like Mac OS X) AppleWebKit/605.1.15 (KHTML, like Gecko) Mobile/15E148 MicroMessenger/7.0.4(0x17000428) NetType/WIFI Language/zh_CN"
198.40.238.34 - - [29/Jul/2024:03:45:52 +0000] "GET / HTTP/1.1" 200 10945 "-" "Python-urllib/3.8"
185.191.126.213 - - [29/Jul/2024:03:51:48 +0000] "GET / HTTP/1.1" 200 10926 "-" "-"
143.110.222.166 - - [29/Jul/2024:04:11:05 +0000] "GET / HTTP/1.1" 200 3404 "-" "Mozilla/5.0 (iPhone; CPU iPhone OS 16_1 like Mac OS X) AppleWebKit/605.1.15 (KHTML, like Gecko) Version/16.1 Mobile/15E148 Safari/604.1"
45.79.181.104 - - [29/Jul/2024:04:21:51 +0000] "\x16\x03\x01" 400 483 "-" "-"
93.174.93.12 - - [29/Jul/2024:04:33:12 +0000] "\x16\x03\x02\x01o\x01" 400 483 "-" "-"
80.82.77.202 - - [29/Jul/2024:04:34:35 +0000] "GET / HTTP/1.0" 200 10945 "-" "Mozilla/5.0 (X11; Ubuntu; Linux x86_64) AppleWebKit/605.1.15 (KHTML, like Gecko) Version/11.0 Safari/605.1.15 Epiphany/605.1.15"
185.191.126.213 - - [29/Jul/2024:04:37:11 +0000] "GET / HTTP/1.1" 200 10926 "-" "-"
45.79.181.251 - - [29/Jul/2024:04:39:28 +0000] "GET / HTTP/1.1" 200 3404 "-" "Mozilla/5.0 (Macintosh; Intel Mac OS X 13_1) AppleWebKit/537.36 (KHTML, like Gecko) Chrome/108.0.0.0 Safari/537.36"
185.224.128.43 - - [29/Jul/2024:04:59:13 +0000] "GET / HTTP/1.1" 200 3460 "-" "Mozilla/5.0 (Windows NT 10.0; Win64; x64) AppleWebKit/537.36 (KHTML, like Gecko) Chrome/90.0.4430.85 Safari/537.36 Edg/90.0.818.46"
143.110.222.166 - - [29/Jul/2024:05:02:14 +0000] "GET / HTTP/1.1" 200 3404 "-" "Mozilla/5.0 (iPhone; CPU iPhone OS 16_1 like Mac OS X) AppleWebKit/605.1.15 (KHTML, like Gecko) Version/16.1 Mobile/15E148 Safari/604.1"
52.189.75.157 - - [29/Jul/2024:05:03:23 +0000] "GET / HTTP/1.1" 200 3404 "-" "Mozilla/5.0 zgrab/0.x"
46.101.164.78 - - [29/Jul/2024:05:18:12 +0000] "GET / HTTP/1.0" 200 10945 "-" "-"
46.101.164.78 - - [29/Jul/2024:05:18:12 +0000] "POST /sdk HTTP/1.1" 404 456 "-" "Mozilla/5.0 (compatible; Odin; https://docs.getodin.com/)"
46.101.164.78 - - [29/Jul/2024:05:18:12 +0000] "GET / HTTP/1.0" 200 10945 "-" "-"
46.101.164.78 - - [29/Jul/2024:05:18:12 +0000] "GET /odinhttpcall1722230292 HTTP/1.1" 404 456 "-" "Mozilla/5.0 (compatible; Odin; https://docs.getodin.com/)"
46.101.164.78 - - [29/Jul/2024:05:18:12 +0000] "GET /HNAP1 HTTP/1.1" 404 456 "-" "Mozilla/5.0 (compatible; Odin; https://docs.getodin.com/)"
46.101.164.78 - - [29/Jul/2024:05:18:12 +0000] "GET /evox/about HTTP/1.1" 404 456 "-" "Mozilla/5.0 (compatible; Odin; https://docs.getodin.com/)"
46.101.164.78 - - [29/Jul/2024:05:18:13 +0000] "GET / HTTP/1.0" 200 10945 "-" "-"
46.101.164.78 - - [29/Jul/2024:05:18:13 +0000] "GET / HTTP/1.1" 200 10926 "-" "-"
209.38.233.59 - - [29/Jul/2024:05:18:13 +0000] "GET /solr/admin/info/system HTTP/1.1" 404 456 "-" "Go-http-client/1.1"
209.38.233.42 - - [29/Jul/2024:05:18:13 +0000] "GET /cgi-bin/authLogin.cgi HTTP/1.1" 404 456 "-" "Go-http-client/1.1"
46.101.164.42 - - [29/Jul/2024:05:18:13 +0000] "GET /v2/_catalog HTTP/1.1" 404 456 "-" "Go-http-client/1.1"
165.232.74.123 - - [29/Jul/2024:05:18:13 +0000] "GET /query?q=SHOW+DIAGNOSTICS HTTP/1.1" 404 456 "-" "Go-http-client/1.1"
209.38.233.42 - - [29/Jul/2024:05:18:13 +0000] "GET / HTTP/1.1" 200 3404 "-" "Mozilla/5.0 (compatible; Odin; https://docs.getodin.com/)"
209.38.233.59 - - [29/Jul/2024:05:18:14 +0000] "GET /solr/admin/cores?action=STATUS&wt=json HTTP/1.1" 404 456 "-" "Go-http-client/1.1"
46.101.164.22 - - [29/Jul/2024:05:18:46 +0000] "\x16\x03\x01" 400 483 "-" "-"
46.101.164.22 - - [29/Jul/2024:05:18:46 +0000] "\x16\x03\x01" 400 483 "-" "-"
46.101.164.22 - - [29/Jul/2024:05:18:46 +0000] "\x16\x03\x01" 400 483 "-" "-"
52.76.71.100 - - [29/Jul/2024:05:20:27 +0000] "GET /favicon.ico HTTP/1.1" 404 456 "-" "Go-http-client/1.1"
46.101.163.218 - - [29/Jul/2024:05:30:11 +0000] "GET / HTTP/1.0" 200 10945 "-" "-"
46.101.163.218 - - [29/Jul/2024:05:30:11 +0000] "GET / HTTP/1.0" 200 10945 "-" "-"
46.101.163.218 - - [29/Jul/2024:05:30:11 +0000] "GET /odinhttpcall1722231011 HTTP/1.1" 404 456 "-" "Mozilla/5.0 (compatible; Odin; https://docs.getodin.com/)"
46.101.163.218 - - [29/Jul/2024:05:30:11 +0000] "POST /sdk HTTP/1.1" 404 456 "-" "Mozilla/5.0 (compatible; Odin; https://docs.getodin.com/)"
46.101.163.218 - - [29/Jul/2024:05:30:11 +0000] "GET /HNAP1 HTTP/1.1" 404 456 "-" "Mozilla/5.0 (compatible; Odin; https://docs.getodin.com/)"
46.101.163.218 - - [29/Jul/2024:05:30:12 +0000] "GET /evox/about HTTP/1.1" 404 456 "-" "Mozilla/5.0 (compatible; Odin; https://docs.getodin.com/)"
46.101.163.218 - - [29/Jul/2024:05:30:12 +0000] "GET / HTTP/1.0" 200 10945 "-" "-"
46.101.163.218 - - [29/Jul/2024:05:30:12 +0000] "GET / HTTP/1.1" 200 10926 "-" "-"
193.106.29.125 - - [29/Jul/2024:05:30:12 +0000] "GET / HTTP/1.0" 200 10945 "-" "Mozilla/5.0"
64.227.125.48 - - [29/Jul/2024:05:30:12 +0000] "GET /v2/_catalog HTTP/1.1" 404 456 "-" "Go-http-client/1.1"
64.226.127.67 - - [29/Jul/2024:05:30:12 +0000] "GET /query?q=SHOW+DIAGNOSTICS HTTP/1.1" 404 456 "-" "Go-http-client/1.1"
46.101.164.15 - - [29/Jul/2024:05:30:12 +0000] "GET /solr/admin/info/system HTTP/1.1" 404 456 "-" "Go-http-client/1.1"
46.101.164.50 - - [29/Jul/2024:05:30:12 +0000] "GET / HTTP/1.1" 200 3404 "-" "Mozilla/5.0 (compatible; Odin; https://docs.getodin.com/)"
46.101.164.50 - - [29/Jul/2024:05:30:12 +0000] "GET /cgi-bin/authLogin.cgi HTTP/1.1" 404 456 "-" "Go-http-client/1.1"
46.101.164.15 - - [29/Jul/2024:05:30:12 +0000] "GET /solr/admin/cores?action=STATUS&wt=json HTTP/1.1" 404 456 "-" "Go-http-client/1.1"
52.76.71.100 - - [29/Jul/2024:05:30:15 +0000] "GET /favicon.ico HTTP/1.1" 404 456 "-" "Go-http-client/1.1"
46.101.164.67 - - [29/Jul/2024:05:33:07 +0000] "\x16\x03\x01" 400 483 "-" "-"
46.101.164.67 - - [29/Jul/2024:05:33:07 +0000] "\x16\x03\x01" 400 483 "-" "-"
46.101.164.67 - - [29/Jul/2024:05:33:07 +0000] "\x16\x03\x01" 400 483 "-" "-"
46.101.164.33 - - [29/Jul/2024:05:45:05 +0000] "\x16\x03\x01\x01$\x01" 400 483 "-" "-"
209.38.233.155 - - [29/Jul/2024:05:45:08 +0000] "GET / HTTP/1.0" 200 10945 "-" "-"
209.38.233.155 - - [29/Jul/2024:05:45:08 +0000] "GET /odinhttpcall1722231908 HTTP/1.1" 404 456 "-" "Mozilla/5.0 (compatible; Odin; https://docs.getodin.com/)"
209.38.233.155 - - [29/Jul/2024:05:45:08 +0000] "POST /sdk HTTP/1.1" 404 456 "-" "Mozilla/5.0 (compatible; Odin; https://docs.getodin.com/)"
209.38.233.155 - - [29/Jul/2024:05:45:08 +0000] "GET / HTTP/1.0" 200 10945 "-" "-"
209.38.233.155 - - [29/Jul/2024:05:45:08 +0000] "GET /HNAP1 HTTP/1.1" 404 456 "-" "Mozilla/5.0 (compatible; Odin; https://docs.getodin.com/)"
209.38.233.155 - - [29/Jul/2024:05:45:08 +0000] "GET /evox/about HTTP/1.1" 404 456 "-" "Mozilla/5.0 (compatible; Odin; https://docs.getodin.com/)"
209.38.233.155 - - [29/Jul/2024:05:45:08 +0000] "GET / HTTP/1.0" 200 10945 "-" "-"
209.38.233.155 - - [29/Jul/2024:05:45:08 +0000] "GET / HTTP/1.1" 200 10926 "-" "-"
46.101.164.13 - - [29/Jul/2024:05:45:09 +0000] "GET /query?q=SHOW+DIAGNOSTICS HTTP/1.1" 404 456 "-" "Go-http-client/1.1"
46.101.164.26 - - [29/Jul/2024:05:45:09 +0000] "GET /cgi-bin/authLogin.cgi HTTP/1.1" 404 456 "-" "Go-http-client/1.1"
64.226.127.67 - - [29/Jul/2024:05:45:09 +0000] "GET / HTTP/1.1" 200 3404 "-" "Mozilla/5.0 (compatible; Odin; https://docs.getodin.com/)"
46.101.164.22 - - [29/Jul/2024:05:45:09 +0000] "GET /solr/admin/info/system HTTP/1.1" 404 456 "-" "Go-http-client/1.1"
46.101.164.22 - - [29/Jul/2024:05:45:09 +0000] "GET /v2/_catalog HTTP/1.1" 404 456 "-" "Go-http-client/1.1"
46.101.164.22 - - [29/Jul/2024:05:45:09 +0000] "GET /solr/admin/cores?action=STATUS&wt=json HTTP/1.1" 404 456 "-" "Go-http-client/1.1"
46.101.164.42 - - [29/Jul/2024:05:46:14 +0000] "\x16\x03\x01" 400 483 "-" "-"
46.101.164.42 - - [29/Jul/2024:05:46:14 +0000] "\x16\x03\x01" 400 483 "-" "-"
46.101.164.42 - - [29/Jul/2024:05:46:15 +0000] "\x16\x03\x01" 400 483 "-" "-"
209.38.233.42 - - [29/Jul/2024:05:54:46 +0000] "\x16\x03\x01\x01$\x01" 400 483 "-" "-"
143.110.222.166 - - [29/Jul/2024:05:56:30 +0000] "GET / HTTP/1.1" 200 3404 "-" "Mozilla/5.0 (iPhone; CPU iPhone OS 16_1 like Mac OS X) AppleWebKit/605.1.15 (KHTML, like Gecko) Version/16.1 Mobile/15E148 Safari/604.1"
46.101.164.50 - - [29/Jul/2024:05:59:40 +0000] "\x16\x03\x01\x01$\x01" 400 483 "-" "-"
159.203.100.14 - - [29/Jul/2024:06:19:23 +0000] "\x16\x03\x01" 400 483 "-" "-"
159.203.100.14 - - [29/Jul/2024:06:19:23 +0000] "\x16\x03\x01" 400 483 "-" "-"
159.203.100.14 - - [29/Jul/2024:06:19:23 +0000] "GET / HTTP/1.1" 200 3404 "-" "Mozilla/5.0 (Windows NT 10.0; Win64; x64) AppleWebKit/537.36 (KHTML, like Gecko) Chrome/108.0.0.0 Safari/537.36"
159.203.100.14 - - [29/Jul/2024:06:19:23 +0000] "GET /form.html HTTP/1.1" 404 437 "-" "curl/8.1.2"
159.203.100.14 - - [29/Jul/2024:06:19:23 +0000] "GET /upl.php HTTP/1.1" 404 437 "-" "Mozilla/5.0"
159.203.100.14 - - [29/Jul/2024:06:19:23 +0000] "\x16\x03\x01" 400 483 "-" "-"
159.203.100.14 - - [29/Jul/2024:06:19:23 +0000] "GET /geoip/ HTTP/1.1" 404 437 "-" "Mozilla/5.0 (Windows NT 10.0; Win64; x64) AppleWebKit/537.36 (KHTML, like Gecko) Chrome/108.0.0.0 Safari/537.36"
159.203.100.14 - - [29/Jul/2024:06:19:23 +0000] "GET /favicon.ico HTTP/1.1" 404 437 "-" "Mozilla/5.0 (Windows NT 10.0; Win64; x64) AppleWebKit/537.36 (KHTML, like Gecko) Chrome/108.0.0.0 Safari/537.36"
159.203.100.14 - - [29/Jul/2024:06:19:23 +0000] "GET /1.php HTTP/1.1" 404 437 "-" "Mozilla/5.0 (Windows NT 10.0; Win64; x64) AppleWebKit/537.36 (KHTML, like Gecko) Chrome/108.0.0.0 Safari/537.36"
159.203.100.14 - - [29/Jul/2024:06:19:23 +0000] "GET /systembc/password.php HTTP/1.1" 404 437 "-" "Mozilla/5.0 (Windows NT 10.0; Win64; x64) AppleWebKit/537.36 (KHTML, like Gecko) Chrome/108.0.0.0 Safari/537.36"
159.203.100.14 - - [29/Jul/2024:06:19:23 +0000] "GET /password.php HTTP/1.1" 404 437 "-" "Mozilla/5.0 (Windows NT 10.0; Win64; x64) AppleWebKit/537.36 (KHTML, like Gecko) Chrome/108.0.0.0 Safari/537.36"
147.185.132.106 - - [29/Jul/2024:06:21:46 +0000] "\x16\x03\x01" 400 483 "-" "-"
147.185.132.106 - - [29/Jul/2024:06:21:46 +0000] "\x16\x03\x01" 400 483 "-" "-"
27.111.75.199 - - [29/Jul/2024:06:41:11 +0000] "GET /boaform/admin/formLogin?username=admin&psd=admin HTTP/1.0" 404 451 "-" "-"
93.174.93.12 - - [29/Jul/2024:07:05:15 +0000] "GET / HTTP/1.0" 200 10945 "-" "Mozilla/5.0 (Linux; Android 9; Redmi Note 7 Pro) AppleWebKit/537.36 (KHTML, like Gecko) Chrome/76.0.3809.111 Mobile Safari/537.36"
52.76.71.100 - - [29/Jul/2024:07:05:52 +0000] "GET /favicon.ico HTTP/1.1" 404 456 "-" "Go-http-client/1.1"
143.110.222.166 - - [29/Jul/2024:07:12:41 +0000] "GET / HTTP/1.1" 200 3404 "-" "Mozilla/5.0 (iPhone; CPU iPhone OS 16_1 like Mac OS X) AppleWebKit/605.1.15 (KHTML, like Gecko) Version/16.1 Mobile/15E148 Safari/604.1"
71.6.232.26 - - [29/Jul/2024:07:13:46 +0000] "GET / HTTP/1.1" 200 3404 "-" "Mozilla/5.0 (Windows NT 10.0; Win64; x64) AppleWebKit/537.36 (KHTML, like Gecko) Chrome/74.0.3729.131 Safari/537.36"
185.191.126.213 - - [29/Jul/2024:07:16:30 +0000] "GET / HTTP/1.1" 200 10926 "-" "-"
194.165.17.13 - - [29/Jul/2024:07:25:08 +0000] "CONNECT google.com:443 HTTP/1.1" 405 501 "-" "Go-http-client/1.1"
93.174.93.12 - - [29/Jul/2024:07:32:52 +0000] "\x16\x03\x02\x01o\x01" 400 483 "-" "-"
200.225.47.247 - - [29/Jul/2024:07:35:26 +0000] "GET / HTTP/1.0" 200 10945 "-" "Mozilla/5.0 (Windows NT 10.0; Win64; x64; rv:122.0) Gecko/20100101 Firefox/122."
5.8.11.202 - - [29/Jul/2024:07:35:47 +0000] "\x16\x03\x02\x01o\x01" 400 483 "-" "-"
143.110.222.166 - - [29/Jul/2024:08:06:36 +0000] "GET / HTTP/1.1" 200 3404 "-" "Mozilla/5.0 (iPhone; CPU iPhone OS 16_1 like Mac OS X) AppleWebKit/605.1.15 (KHTML, like Gecko) Version/16.1 Mobile/15E148 Safari/604.1"
64.62.156.11 - - [29/Jul/2024:08:17:19 +0000] "\x16\x03\x01" 400 483 "-" "-"
185.191.126.213 - - [29/Jul/2024:08:33:13 +0000] "GET / HTTP/1.1" 200 10926 "-" "-"
5.8.11.202 - - [29/Jul/2024:08:57:00 +0000] "GET / HTTP/1.0" 200 10945 "-" "Mozilla/5.0 (Windows NT 6.1) AppleWebKit/537.36 (KHTML, like Gecko) Chrome/28.0.1500.29 Safari/537.36 OPR/15.0.1147.24 (Edition Next)"
143.110.222.166 - - [29/Jul/2024:09:01:52 +0000] "GET / HTTP/1.1" 200 3404 "-" "Mozilla/5.0 (iPhone; CPU iPhone OS 16_1 like Mac OS X) AppleWebKit/605.1.15 (KHTML, like Gecko) Version/16.1 Mobile/15E148 Safari/604.1"
185.191.126.213 - - [29/Jul/2024:09:20:39 +0000] "GET / HTTP/1.1" 200 10926 "-" "-"
65.49.20.67 - - [29/Jul/2024:09:32:54 +0000] "GET / HTTP/1.1" 200 3404 "-" "Mozilla/5.0 (Macintosh; Intel Mac OS X 10_15_7) AppleWebKit/537.36 (KHTML, like Gecko) Chrome/107.0.0.0 Safari/537.36"
65.49.20.67 - - [29/Jul/2024:09:35:34 +0000] "GET /favicon.ico HTTP/1.1" 404 437 "-" "Mozilla/5.0 (X11; Linux x86_64; rv:109.0) Gecko/20100101 Firefox/109.0"
65.49.20.67 - - [29/Jul/2024:09:36:10 +0000] "GET /geoserver/web/ HTTP/1.1" 404 437 "-" "Mozilla/5.0 (Macintosh; Intel Mac OS X 10_15_7) AppleWebKit/537.36 (KHTML, like Gecko) Chrome/107.0.0.0 Safari/537.36"
172.105.128.11 - - [29/Jul/2024:09:48:58 +0000] "\x16\x03\x01" 400 483 "-" "-"
34.65.149.37 - - [29/Jul/2024:09:49:13 +0000] "\x16\x03\x01" 400 483 "-" "-"
34.65.149.37 - - [29/Jul/2024:09:49:15 +0000] "OPTIONS / HTTP/1.0" 200 181 "-" "-"
143.110.222.166 - - [29/Jul/2024:09:55:52 +0000] "GET / HTTP/1.1" 200 3404 "-" "Mozilla/5.0 (iPhone; CPU iPhone OS 16_1 like Mac OS X) AppleWebKit/605.1.15 (KHTML, like Gecko) Version/16.1 Mobile/15E148 Safari/604.1"
185.224.128.43 - - [29/Jul/2024:09:59:28 +0000] "GET / HTTP/1.1" 200 3460 "-" "Mozilla/5.0 (Windows NT 10.0; Win64; x64) AppleWebKit/537.36 (KHTML, like Gecko) Chrome/90.0.4430.85 Safari/537.36 Edg/90.0.818.46"
92.249.48.202 - - [29/Jul/2024:10:19:13 +0000] "GET / HTTP/1.1" 200 3460 "-" "Mozilla/5.0 (Windows NT 10.0; Win64; x64) AppleWebKit/537.36 (KHTML, like Gecko) Chrome/90.0.4430.85 Safari/537.36 Edg/90.0.818.46"
143.110.222.166 - - [29/Jul/2024:11:06:53 +0000] "GET / HTTP/1.1" 200 3404 "-" "Mozilla/5.0 (iPhone; CPU iPhone OS 16_1 like Mac OS X) AppleWebKit/605.1.15 (KHTML, like Gecko) Version/16.1 Mobile/15E148 Safari/604.1"
143.110.222.166 - - [29/Jul/2024:12:00:09 +0000] "GET / HTTP/1.1" 200 3404 "-" "Mozilla/5.0 (iPhone; CPU iPhone OS 16_1 like Mac OS X) AppleWebKit/605.1.15 (KHTML, like Gecko) Version/16.1 Mobile/15E148 Safari/604.1"
51.158.21.67 - - [29/Jul/2024:12:21:28 +0000] "GET /.git/config HTTP/1.1" 404 493 "-" "Mozilla/5.0 (X11; Linux x86_64) AppleWebKit/537.36 (KHTML, like Gecko) Chrome/81.0.4044.129 Safari/537.36"
179.60.74.230 - - [29/Jul/2024:12:40:50 +0000] "GET / HTTP/1.1" 200 3460 "-" "Mozilla/5.0 (Windows NT 10.0; Win64; x64; rv:128.0) Gecko/20100101 Firefox/128.0"
143.110.222.166 - - [29/Jul/2024:12:57:19 +0000] "GET / HTTP/1.1" 200 3404 "-" "Mozilla/5.0 (iPhone; CPU iPhone OS 16_1 like Mac OS X) AppleWebKit/605.1.15 (KHTML, like Gecko) Version/16.1 Mobile/15E148 Safari/604.1"
87.236.176.33 - - [29/Jul/2024:13:14:18 +0000] "GET / HTTP/1.1" 200 3423 "-" "Mozilla/5.0 (compatible; InternetMeasurement/1.0; +https://internet-measurement.com/)"
172.104.11.34 - - [29/Jul/2024:13:50:40 +0000] "\x16\x03\x01" 400 483 "-" "-"
185.100.87.136 - - [29/Jul/2024:14:06:09 +0000] "POST /index.htm HTTP/1.1" 404 437 "-" "Mozilla/5.0 (Windows NT 10.0; WOW64) AppleWebKit/537.36 (KHTML, like Gecko) Chrome/72.0.3626.121 Safari/537.36"
185.100.87.136 - - [29/Jul/2024:14:06:09 +0000] "POST /FD873AC4-CF86-4FED-84EC-4BD59C6F17A7 HTTP/1.1" 404 493 "-" "Mozilla/4.0 (compatible; MSIE 6.0; Windows NT 5.1)"
143.110.222.166 - - [29/Jul/2024:14:08:07 +0000] "GET / HTTP/1.1" 200 3404 "-" "Mozilla/5.0 (iPhone; CPU iPhone OS 16_1 like Mac OS X) AppleWebKit/605.1.15 (KHTML, like Gecko) Version/16.1 Mobile/15E148 Safari/604.1"
143.110.222.166 - - [29/Jul/2024:14:56:39 +0000] "GET / HTTP/1.1" 200 3404 "-" "Mozilla/5.0 (iPhone; CPU iPhone OS 16_1 like Mac OS X) AppleWebKit/605.1.15 (KHTML, like Gecko) Version/16.1 Mobile/15E148 Safari/604.1"
118.26.104.19 - - [29/Jul/2024:15:19:14 +0000] "\x16\x03\x01\x01\x17\x01" 400 483 "-" "-"
118.26.104.19 - - [29/Jul/2024:15:19:24 +0000] "GET / HTTP/1.1" 200 10926 "-" "Mozilla/5.0 (Macintosh; Intel Mac OS X 10_15_7) AppleWebKit/537.36 (KHTML, like Gecko) Chrome/120.0.0.0 Safari/537.36 Edg/120.0.0.0"
118.26.104.19 - - [29/Jul/2024:15:19:29 +0000] "GET /favicon.ico HTTP/1.1" 404 437 "-" "Mozilla/5.0 (Macintosh; Intel Mac OS X 10_7_0) AppleWebKit/535.11 (KHTML, like Gecko) Chrome/17.0.963.56 Safari/535.11"
118.26.104.19 - - [29/Jul/2024:15:19:29 +0000] "GET /robots.txt HTTP/1.1" 404 437 "-" "Mozilla/5.0 (Macintosh; Intel Mac OS X 10_7_0) AppleWebKit/535.11 (KHTML, like Gecko) Chrome/17.0.963.56 Safari/535.11"
118.26.104.19 - - [29/Jul/2024:15:19:29 +0000] "GET /sitemap.xml HTTP/1.1" 404 437 "-" "Mozilla/5.0 (Macintosh; Intel Mac OS X 10_7_0) AppleWebKit/535.11 (KHTML, like Gecko) Chrome/17.0.963.56 Safari/535.11"
118.26.104.19 - - [29/Jul/2024:15:19:30 +0000] "GET /config.json HTTP/1.1" 404 437 "-" "Mozilla/5.0 (Macintosh; Intel Mac OS X 10_7_0) AppleWebKit/535.11 (KHTML, like Gecko) Chrome/17.0.963.56 Safari/535.11"
154.212.141.165 - - [29/Jul/2024:15:37:22 +0000] "GET / HTTP/1.1" 200 10926 "-" "-"
46.174.191.32 - - [29/Jul/2024:15:46:16 +0000] "GET / HTTP/1.0" 200 10945 "-" "Mozilla/5.0 (Windows NT 6.1; WOW64; Trident/7.0; AS; rv:11.0) like Gecko"
185.224.128.43 - - [29/Jul/2024:15:48:44 +0000] "GET / HTTP/1.1" 200 3460 "-" "Mozilla/5.0 (Windows NT 10.0; Win64; x64) AppleWebKit/537.36 (KHTML, like Gecko) Chrome/90.0.4430.85 Safari/537.36 Edg/90.0.818.46"
156.67.110.51 - - [29/Jul/2024:15:57:24 +0000] "GET /.env HTTP/1.1" 404 437 "-" "Mozilla/5.0 (Macintosh; Intel Mac OS X 10.15; rv:77.0) Gecko/20100101 Firefox/77.0"
156.67.110.51 - - [29/Jul/2024:15:57:24 +0000] "GET /wp-content/ HTTP/1.1" 404 437 "-" "Mozilla/5.0 (Macintosh; Intel Mac OS X 10.15; rv:77.0) Gecko/20100101 Firefox/77.0"
92.249.48.202 - - [29/Jul/2024:16:04:15 +0000] "GET / HTTP/1.1" 200 3460 "-" "Mozilla/5.0 (Windows NT 10.0; Win64; x64) AppleWebKit/537.36 (KHTML, like Gecko) Chrome/90.0.4430.85 Safari/537.36 Edg/90.0.818.46"
143.110.222.166 - - [29/Jul/2024:16:17:00 +0000] "GET / HTTP/1.1" 200 3404 "-" "Mozilla/5.0 (iPhone; CPU iPhone OS 16_1 like Mac OS X) AppleWebKit/605.1.15 (KHTML, like Gecko) Version/16.1 Mobile/15E148 Safari/604.1"
143.110.222.166 - - [29/Jul/2024:17:01:29 +0000] "GET / HTTP/1.1" 200 3404 "-" "Mozilla/5.0 (iPhone; CPU iPhone OS 16_1 like Mac OS X) AppleWebKit/605.1.15 (KHTML, like Gecko) Version/16.1 Mobile/15E148 Safari/604.1"
154.212.141.235 - - [29/Jul/2024:17:04:59 +0000] "GET / HTTP/1.1" 200 10945 "-" "Mozilla/5.0 (Windows NT 6.1) AppleWebKit/537.36 (KHTML, like Gecko) Chrome/49.0.2623.112 Safari/537.36"
154.212.141.235 - - [29/Jul/2024:17:05:00 +0000] "GET /favicon.ico HTTP/1.1" 404 456 "-" "Mozilla/5.0 (Windows NT 6.1) AppleWebKit/537.36 (KHTML, like Gecko) Chrome/49.0.2623.112 Safari/537.36"
83.97.73.245 - - [29/Jul/2024:17:19:17 +0000] "GET /?XDEBUG_SESSION_START=phpstorm HTTP/1.1" 200 3423 "-" "Mozilla/5.0 (Windows NT 10.0; Win64; x64) AppleWebKit/537.36 (KHTML, like Gecko) Chrome/78.0.3904.108 Safari/537.36"
4.151.36.251 - - [29/Jul/2024:17:25:05 +0000] "GET /hudson HTTP/1.1" 404 437 "-" "Mozilla/5.0 zgrab/0.x"
57.129.23.166 - - [29/Jul/2024:17:38:07 +0000] "GET /.env HTTP/1.1" 404 493 "-" "Mozilla/5.0 (X11; Linux x86_64) AppleWebKit/537.36 (KHTML, like Gecko) Chrome/81.0.4044.129 Safari/537.36"
57.129.23.166 - - [29/Jul/2024:17:38:07 +0000] "POST / HTTP/1.1" 200 3460 "-" "Mozilla/5.0 (X11; Linux x86_64) AppleWebKit/537.36 (KHTML, like Gecko) Chrome/81.0.4044.129 Safari/537.36"
179.60.74.230 - - [29/Jul/2024:17:45:57 +0000] "GET / HTTP/1.1" 200 3460 "-" "Mozilla/5.0 (Windows NT 10.0; Win64; x64; rv:128.0) Gecko/20100101 Firefox/128.0"
179.60.74.230 - - [29/Jul/2024:17:45:58 +0000] "GET /favicon.ico HTTP/1.1" 404 492 "http://159.223.160.74/" "Mozilla/5.0 (Windows NT 10.0; Win64; x64; rv:128.0) Gecko/20100101 Firefox/128.0"
45.79.181.94 - - [29/Jul/2024:17:46:16 +0000] "\x16\x03\x01" 400 483 "-" "-"
178.132.107.2 - - [29/Jul/2024:17:49:42 +0000] "GET /.env HTTP/1.1" 404 493 "-" "Mozilla/5.0 (X11; Linux x86_64) AppleWebKit/537.36 (KHTML, like Gecko) Chrome/81.0.4044.129 Safari/537.36"
4.255.100.252 - - [29/Jul/2024:17:50:42 +0000] "GET /druid/index.html HTTP/1.1" 404 437 "-" "Mozilla/5.0 zgrab/0.x"
143.110.222.166 - - [29/Jul/2024:17:59:38 +0000] "GET / HTTP/1.1" 200 3404 "-" "Mozilla/5.0 (iPhone; CPU iPhone OS 16_1 like Mac OS X) AppleWebKit/605.1.15 (KHTML, like Gecko) Version/16.1 Mobile/15E148 Safari/604.1"
80.82.77.202 - - [29/Jul/2024:18:12:16 +0000] "\x16\x03\x02\x01o\x01" 400 483 "-" "-"
198.235.24.178 - - [29/Jul/2024:18:26:46 +0000] "GET / HTTP/1.0" 200 10945 "-" "Expanse, a Palo Alto Networks company, searches across the global IPv4 space multiple times per day to identify customers&#39; presences on the Internet. If you would like to be excluded from our scans, please send IP addresses/domains to: scaninfo@paloaltonetworks.com"
83.97.73.245 - - [29/Jul/2024:18:35:52 +0000] "GET /actuator/gateway/routes HTTP/1.1" 404 456 "-" "Mozilla/5.0 (Windows NT 10.0; Win64; x64) AppleWebKit/537.36 (KHTML, like Gecko) Chrome/78.0.3904.108 Safari/537.36"
45.79.115.59 - - [29/Jul/2024:18:36:05 +0000] "GET / HTTP/1.1" 200 3404 "-" "Mozilla/5.0 zgrab/0.x"
45.79.181.223 - - [29/Jul/2024:18:36:17 +0000] "GET / HTTP/1.1" 200 3404 "-" "Mozilla/5.0 (Macintosh; Intel Mac OS X 13_1) AppleWebKit/537.36 (KHTML, like Gecko) Chrome/108.0.0.0 Safari/537.36"
167.71.33.36 - - [29/Jul/2024:18:36:51 +0000] "GET / HTTP/1.1" 200 3460 "-" "Mozilla/5.0 (Windows NT 10.0; Win64; x64) AppleWebKit/537.36 (KHTML, like Gecko) Chrome/71.0.3578.98 Safari/537.36"
185.224.128.47 - - [29/Jul/2024:18:41:58 +0000] "GET / HTTP/1.0" 200 10945 "-" "ivre-masscan/1.3 https://github.com/robertdavidgraham/"
185.191.126.213 - - [29/Jul/2024:18:52:00 +0000] "GET / HTTP/1.1" 200 10926 "-" "-"
143.110.222.166 - - [29/Jul/2024:19:00:35 +0000] "GET / HTTP/1.1" 200 3404 "-" "Mozilla/5.0 (iPhone; CPU iPhone OS 16_1 like Mac OS X) AppleWebKit/605.1.15 (KHTML, like Gecko) Version/16.1 Mobile/15E148 Safari/604.1"
103.139.53.12 - - [29/Jul/2024:19:08:48 +0000] "GET / HTTP/1.1" 200 10926 "-" "Mozilla/5.0 (Windows NT 10.0; WOW64) AppleWebKit/537.36 (KHTML, like Gecko) Chrome/52.0.2743.116 Safari/537.36"
198.98.48.30 - - [29/Jul/2024:19:13:19 +0000] "GET /.well-known/probing.txt HTTP/1.1" 404 437 "-" "Mozilla/5.0 (X11; Linux x86_64) AppleWebKit/537.36 (KHTML, like Gecko) Chrome/390.185.382.556.603.328 Safari/537.3"
179.60.74.230 - - [29/Jul/2024:19:26:31 +0000] "GET / HTTP/1.1" 200 3460 "-" "Mozilla/5.0 (Windows NT 10.0; Win64; x64; rv:128.0) Gecko/20100101 Firefox/128.0"
57.129.23.166 - - [29/Jul/2024:19:33:54 +0000] "GET /.env HTTP/1.1" 404 493 "-" "Mozilla/5.0 (X11; Linux x86_64) AppleWebKit/537.36 (KHTML, like Gecko) Chrome/81.0.4044.129 Safari/537.36"
57.129.23.166 - - [29/Jul/2024:19:33:54 +0000] "POST / HTTP/1.1" 200 3460 "-" "Mozilla/5.0 (X11; Linux x86_64) AppleWebKit/537.36 (KHTML, like Gecko) Chrome/81.0.4044.129 Safari/537.36"
45.79.181.179 - - [29/Jul/2024:19:49:19 +0000] "\x16\x03\x01" 400 483 "-" "-"
199.45.154.114 - - [29/Jul/2024:19:55:59 +0000] "GET / HTTP/1.1" 200 10926 "-" "-"
199.45.154.114 - - [29/Jul/2024:19:56:04 +0000] "GET / HTTP/1.1" 200 3404 "-" "Mozilla/5.0 (compatible; CensysInspect/1.1; +https://about.censys.io/)"
199.45.154.114 - - [29/Jul/2024:19:56:05 +0000] "GET /favicon.ico HTTP/1.1" 404 456 "-" "Mozilla/5.0 (compatible; CensysInspect/1.1; +https://about.censys.io/)"
199.45.154.114 - - [29/Jul/2024:19:56:05 +0000] "PRI * HTTP/2.0" 400 483 "-" "-"
143.110.222.166 - - [29/Jul/2024:20:13:21 +0000] "GET / HTTP/1.1" 200 3404 "-" "Mozilla/5.0 (iPhone; CPU iPhone OS 16_1 like Mac OS X) AppleWebKit/605.1.15 (KHTML, like Gecko) Version/16.1 Mobile/15E148 Safari/604.1"
185.191.126.213 - - [29/Jul/2024:20:21:17 +0000] "GET / HTTP/1.1" 200 10926 "-" "-"
149.50.103.48 - - [29/Jul/2024:20:26:52 +0000] "GET / HTTP/1.1" 200 10926 "-" "-"
13.64.57.87 - - [29/Jul/2024:20:52:33 +0000] "MGLNDD_159.223.160.74_80\n" 400 483 "-" "-"
143.110.222.166 - - [29/Jul/2024:20:56:30 +0000] "GET / HTTP/1.1" 200 3404 "-" "Mozilla/5.0 (iPhone; CPU iPhone OS 16_1 like Mac OS X) AppleWebKit/605.1.15 (KHTML, like Gecko) Version/16.1 Mobile/15E148 Safari/604.1"
185.224.128.43 - - [29/Jul/2024:21:02:18 +0000] "GET / HTTP/1.1" 200 3460 "-" "Mozilla/5.0 (Windows NT 10.0; Win64; x64) AppleWebKit/537.36 (KHTML, like Gecko) Chrome/90.0.4430.85 Safari/537.36 Edg/90.0.818.46"
57.129.23.166 - - [29/Jul/2024:21:07:28 +0000] "GET /.env HTTP/1.1" 404 493 "-" "Mozilla/5.0 (X11; Linux x86_64) AppleWebKit/537.36 (KHTML, like Gecko) Chrome/81.0.4044.129 Safari/537.36"
57.129.23.166 - - [29/Jul/2024:21:07:28 +0000] "POST / HTTP/1.1" 200 3460 "-" "Mozilla/5.0 (X11; Linux x86_64) AppleWebKit/537.36 (KHTML, like Gecko) Chrome/81.0.4044.129 Safari/537.36"
185.191.126.213 - - [29/Jul/2024:21:29:16 +0000] "GET / HTTP/1.1" 200 10926 "-" "-"
92.249.48.202 - - [29/Jul/2024:21:45:45 +0000] "GET / HTTP/1.1" 200 3460 "-" "Mozilla/5.0 (Windows NT 10.0; Win64; x64) AppleWebKit/537.36 (KHTML, like Gecko) Chrome/90.0.4430.85 Safari/537.36 Edg/90.0.818.46"
45.79.181.104 - - [29/Jul/2024:21:46:37 +0000] "\x16\x03\x01" 400 483 "-" "-"
143.110.222.166 - - [29/Jul/2024:22:10:37 +0000] "GET / HTTP/1.1" 200 3404 "-" "Mozilla/5.0 (iPhone; CPU iPhone OS 16_1 like Mac OS X) AppleWebKit/605.1.15 (KHTML, like Gecko) Version/16.1 Mobile/15E148 Safari/604.1"
80.82.77.202 - - [29/Jul/2024:22:43:41 +0000] "\x16\x03\x02\x01o\x01" 400 483 "-" "-"
185.191.126.213 - - [29/Jul/2024:22:43:43 +0000] "GET / HTTP/1.1" 200 10926 "-" "-"
205.210.31.170 - - [29/Jul/2024:22:50:12 +0000] "GET / HTTP/1.1" 200 3404 "-" "Expanse, a Palo Alto Networks company, searches across the global IPv4 space multiple times per day to identify customers&#39; presences on the Internet. If you would like to be excluded from our scans, please send IP addresses/domains to: scaninfo@paloaltonetworks.com"
143.110.222.166 - - [29/Jul/2024:23:05:06 +0000] "GET / HTTP/1.1" 200 3404 "-" "Mozilla/5.0 (iPhone; CPU iPhone OS 16_1 like Mac OS X) AppleWebKit/605.1.15 (KHTML, like Gecko) Version/16.1 Mobile/15E148 Safari/604.1"
66.240.236.109 - - [29/Jul/2024:23:20:00 +0000] "GET / HTTP/1.1" 200 3404 "-" "Mozilla/5.0 zgrab/0.x"
31.150.70.90 - - [29/Jul/2024:23:37:28 +0000] "GET / HTTP/1.1" 200 10926 "-" "Mozilla/5.0 (Windows NT 10.0; WOW64) AppleWebKit/537.36 (KHTML, like Gecko) Chrome/51.0.2704.103 Safari/537.36"
149.50.103.48 - - [29/Jul/2024:23:55:15 +0000] "GET / HTTP/1.1" 200 10926 "-" "-"
185.191.126.213 - - [29/Jul/2024:23:58:05 +0000] "GET / HTTP/1.1" 200 10926 "-" "-"
143.110.222.166 - - [30/Jul/2024:00:03:19 +0000] "GET / HTTP/1.1" 200 3404 "-" "Mozilla/5.0 (iPhone; CPU iPhone OS 16_1 like Mac OS X) AppleWebKit/605.1.15 (KHTML, like Gecko) Version/16.1 Mobile/15E148 Safari/604.1"
156.67.110.51 - - [30/Jul/2024:00:25:36 +0000] "GET /.env HTTP/1.1" 404 437 "-" "Mozilla/5.0 (Macintosh; Intel Mac OS X 10.15; rv:77.0) Gecko/20100101 Firefox/77.0"
156.67.110.51 - - [30/Jul/2024:00:25:37 +0000] "GET /wp-content/ HTTP/1.1" 404 437 "-" "Mozilla/5.0 (Macintosh; Intel Mac OS X 10.15; rv:77.0) Gecko/20100101 Firefox/77.0"
57.129.23.166 - - [30/Jul/2024:00:56:52 +0000] "GET /.env HTTP/1.1" 404 493 "-" "Mozilla/5.0 (X11; Linux x86_64) AppleWebKit/537.36 (KHTML, like Gecko) Chrome/81.0.4044.129 Safari/537.36"
57.129.23.166 - - [30/Jul/2024:00:56:52 +0000] "POST / HTTP/1.1" 200 3460 "-" "Mozilla/5.0 (X11; Linux x86_64) AppleWebKit/537.36 (KHTML, like Gecko) Chrome/81.0.4044.129 Safari/537.36"
143.110.222.166 - - [30/Jul/2024:01:09:15 +0000] "GET / HTTP/1.1" 200 3404 "-" "Mozilla/5.0 (iPhone; CPU iPhone OS 16_1 like Mac OS X) AppleWebKit/605.1.15 (KHTML, like Gecko) Version/16.1 Mobile/15E148 Safari/604.1"
184.105.247.196 - - [30/Jul/2024:01:43:18 +0000] "\x16\x03\x01" 400 483 "-" "-"
172.105.128.12 - - [30/Jul/2024:01:51:13 +0000] "\x16\x03\x01" 400 483 "-" "-"
185.191.126.213 - - [30/Jul/2024:01:59:53 +0000] "GET / HTTP/1.1" 200 10926 "-" "-"
143.110.222.166 - - [30/Jul/2024:02:00:53 +0000] "GET / HTTP/1.1" 200 3404 "-" "Mozilla/5.0 (iPhone; CPU iPhone OS 16_1 like Mac OS X) AppleWebKit/605.1.15 (KHTML, like Gecko) Version/16.1 Mobile/15E148 Safari/604.1"
185.224.128.43 - - [30/Jul/2024:02:05:31 +0000] "GET / HTTP/1.1" 200 3460 "-" "Mozilla/5.0 (Windows NT 10.0; Win64; x64) AppleWebKit/537.36 (KHTML, like Gecko) Chrome/90.0.4430.85 Safari/537.36 Edg/90.0.818.46"
35.195.25.18 - - [30/Jul/2024:02:10:51 +0000] "GET / HTTP/1.1" 200 3460 "-" "python-requests/2.32.2"
57.152.56.44 - - [30/Jul/2024:02:26:27 +0000] "GET /manager/text/list HTTP/1.1" 404 437 "-" "Mozilla/5.0 zgrab/0.x"
57.129.23.166 - - [30/Jul/2024:02:26:55 +0000] "GET /.env HTTP/1.1" 404 493 "-" "Mozilla/5.0 (X11; Linux x86_64) AppleWebKit/537.36 (KHTML, like Gecko) Chrome/81.0.4044.129 Safari/537.36"
57.129.23.166 - - [30/Jul/2024:02:26:55 +0000] "POST / HTTP/1.1" 200 3460 "-" "Mozilla/5.0 (X11; Linux x86_64) AppleWebKit/537.36 (KHTML, like Gecko) Chrome/81.0.4044.129 Safari/537.36"
92.249.48.202 - - [30/Jul/2024:02:43:15 +0000] "GET / HTTP/1.1" 200 3460 "-" "Mozilla/5.0 (Windows NT 10.0; Win64; x64) AppleWebKit/537.36 (KHTML, like Gecko) Chrome/90.0.4430.85 Safari/537.36 Edg/90.0.818.46"
149.50.103.48 - - [30/Jul/2024:02:44:01 +0000] "GET / HTTP/1.1" 200 10926 "-" "-"
194.165.17.13 - - [30/Jul/2024:02:52:07 +0000] "CONNECT google.com:443 HTTP/1.1" 405 501 "-" "Go-http-client/1.1"
143.110.222.166 - - [30/Jul/2024:02:59:53 +0000] "GET / HTTP/1.1" 200 3404 "-" "Mozilla/5.0 (iPhone; CPU iPhone OS 16_1 like Mac OS X) AppleWebKit/605.1.15 (KHTML, like Gecko) Version/16.1 Mobile/15E148 Safari/604.1"
92.249.48.197 - - [30/Jul/2024:03:16:44 +0000] "GET / HTTP/1.1" 200 10926 "-" "-"
172.169.2.182 - - [30/Jul/2024:03:26:02 +0000] "GET /actuator/health HTTP/1.1" 404 437 "-" "Mozilla/5.0 zgrab/0.x"
5.8.11.202 - - [30/Jul/2024:03:31:44 +0000] "\x16\x03\x02\x01o\x01" 400 483 "-" "-"
199.45.154.120 - - [30/Jul/2024:03:33:53 +0000] "GET / HTTP/1.1" 200 10926 "-" "-"
199.45.154.120 - - [30/Jul/2024:03:33:56 +0000] "GET / HTTP/1.1" 200 3404 "-" "Mozilla/5.0 (compatible; CensysInspect/1.1; +https://about.censys.io/)"
199.45.154.120 - - [30/Jul/2024:03:33:58 +0000] "GET /favicon.ico HTTP/1.1" 404 456 "-" "Mozilla/5.0 (compatible; CensysInspect/1.1; +https://about.censys.io/)"
199.45.154.120 - - [30/Jul/2024:03:33:59 +0000] "PRI * HTTP/2.0" 400 483 "-" "-"
143.110.180.175 - - [30/Jul/2024:03:35:15 +0000] "POST /cgi-bin/.%2e/.%2e/.%2e/.%2e/.%2e/.%2e/.%2e/.%2e/.%2e/.%2e/bin/sh HTTP/1.1" 400 488 "-" "Custom-AsyncHttpClient"
143.110.180.175 - - [30/Jul/2024:03:35:18 +0000] "POST /cgi-bin/%%32%65%%32%65/%%32%65%%32%65/%%32%65%%32%65/%%32%65%%32%65/%%32%65%%32%65/%%32%65%%32%65/%%32%65%%32%65/bin/sh HTTP/1.1" 400 488 "-" "Custom-AsyncHttpClient"
143.110.180.175 - - [30/Jul/2024:03:35:23 +0000] "GET /vendor/phpunit/phpunit/src/Util/PHP/eval-stdin.php HTTP/1.1" 404 493 "-" "Custom-AsyncHttpClient"
143.110.180.175 - - [30/Jul/2024:03:35:24 +0000] "GET /vendor/phpunit/phpunit/Util/PHP/eval-stdin.php HTTP/1.1" 404 492 "-" "Custom-AsyncHttpClient"
143.110.180.175 - - [30/Jul/2024:03:35:26 +0000] "GET /vendor/phpunit/src/Util/PHP/eval-stdin.php HTTP/1.1" 404 492 "-" "Custom-AsyncHttpClient"
143.110.180.175 - - [30/Jul/2024:03:35:28 +0000] "GET /vendor/phpunit/Util/PHP/eval-stdin.php HTTP/1.1" 404 492 "-" "Custom-AsyncHttpClient"
143.110.180.175 - - [30/Jul/2024:03:35:32 +0000] "GET /vendor/phpunit/phpunit/LICENSE/eval-stdin.php HTTP/1.1" 404 492 "-" "Custom-AsyncHttpClient"
143.110.180.175 - - [30/Jul/2024:03:35:36 +0000] "GET /vendor/vendor/phpunit/phpunit/src/Util/PHP/eval-stdin.php HTTP/1.1" 404 492 "-" "Custom-AsyncHttpClient"
143.110.180.175 - - [30/Jul/2024:03:35:39 +0000] "GET /phpunit/phpunit/src/Util/PHP/eval-stdin.php HTTP/1.1" 404 492 "-" "Custom-AsyncHttpClient"
143.110.180.175 - - [30/Jul/2024:03:35:41 +0000] "GET /phpunit/phpunit/Util/PHP/eval-stdin.php HTTP/1.1" 404 492 "-" "Custom-AsyncHttpClient"
143.110.180.175 - - [30/Jul/2024:03:35:44 +0000] "GET /phpunit/src/Util/PHP/eval-stdin.php HTTP/1.1" 404 492 "-" "Custom-AsyncHttpClient"
143.110.180.175 - - [30/Jul/2024:03:35:47 +0000] "GET /phpunit/Util/PHP/eval-stdin.php HTTP/1.1" 404 492 "-" "Custom-AsyncHttpClient"
143.110.180.175 - - [30/Jul/2024:03:35:49 +0000] "GET /lib/phpunit/phpunit/src/Util/PHP/eval-stdin.php HTTP/1.1" 404 492 "-" "Custom-AsyncHttpClient"
143.110.180.175 - - [30/Jul/2024:03:35:52 +0000] "GET /lib/phpunit/phpunit/Util/PHP/eval-stdin.php HTTP/1.1" 404 492 "-" "Custom-AsyncHttpClient"
143.110.180.175 - - [30/Jul/2024:03:35:54 +0000] "GET /lib/phpunit/src/Util/PHP/eval-stdin.php HTTP/1.1" 404 492 "-" "Custom-AsyncHttpClient"
143.110.180.175 - - [30/Jul/2024:03:35:56 +0000] "GET /lib/phpunit/Util/PHP/eval-stdin.php HTTP/1.1" 404 492 "-" "Custom-AsyncHttpClient"
143.110.180.175 - - [30/Jul/2024:03:35:59 +0000] "GET /lib/vendor/phpunit/phpunit/src/Util/PHP/eval-stdin.php HTTP/1.1" 404 492 "-" "Custom-AsyncHttpClient"
143.110.180.175 - - [30/Jul/2024:03:36:02 +0000] "GET /laravel/vendor/phpunit/phpunit/src/Util/PHP/eval-stdin.php HTTP/1.1" 404 492 "-" "Custom-AsyncHttpClient"
143.110.180.175 - - [30/Jul/2024:03:36:05 +0000] "GET /www/vendor/phpunit/phpunit/src/Util/PHP/eval-stdin.php HTTP/1.1" 404 492 "-" "Custom-AsyncHttpClient"
143.110.180.175 - - [30/Jul/2024:03:36:09 +0000] "GET /ws/vendor/phpunit/phpunit/src/Util/PHP/eval-stdin.php HTTP/1.1" 404 492 "-" "Custom-AsyncHttpClient"
143.110.180.175 - - [30/Jul/2024:03:36:12 +0000] "GET /yii/vendor/phpunit/phpunit/src/Util/PHP/eval-stdin.php HTTP/1.1" 404 492 "-" "Custom-AsyncHttpClient"
143.110.180.175 - - [30/Jul/2024:03:36:14 +0000] "GET /zend/vendor/phpunit/phpunit/src/Util/PHP/eval-stdin.php HTTP/1.1" 404 492 "-" "Custom-AsyncHttpClient"
143.110.180.175 - - [30/Jul/2024:03:36:17 +0000] "GET /ws/ec/vendor/phpunit/phpunit/src/Util/PHP/eval-stdin.php HTTP/1.1" 404 492 "-" "Custom-AsyncHttpClient"
143.110.180.175 - - [30/Jul/2024:03:36:20 +0000] "GET /V2/vendor/phpunit/phpunit/src/Util/PHP/eval-stdin.php HTTP/1.1" 404 492 "-" "Custom-AsyncHttpClient"
143.110.180.175 - - [30/Jul/2024:03:36:24 +0000] "GET /tests/vendor/phpunit/phpunit/src/Util/PHP/eval-stdin.php HTTP/1.1" 404 492 "-" "Custom-AsyncHttpClient"
143.110.180.175 - - [30/Jul/2024:03:36:26 +0000] "GET /test/vendor/phpunit/phpunit/src/Util/PHP/eval-stdin.php HTTP/1.1" 404 492 "-" "Custom-AsyncHttpClient"
143.110.180.175 - - [30/Jul/2024:03:36:29 +0000] "GET /testing/vendor/phpunit/phpunit/src/Util/PHP/eval-stdin.php HTTP/1.1" 404 492 "-" "Custom-AsyncHttpClient"
143.110.180.175 - - [30/Jul/2024:03:36:32 +0000] "GET /api/vendor/phpunit/phpunit/src/Util/PHP/eval-stdin.php HTTP/1.1" 404 492 "-" "Custom-AsyncHttpClient"
143.110.180.175 - - [30/Jul/2024:03:36:36 +0000] "GET /demo/vendor/phpunit/phpunit/src/Util/PHP/eval-stdin.php HTTP/1.1" 404 492 "-" "Custom-AsyncHttpClient"
143.110.180.175 - - [30/Jul/2024:03:36:39 +0000] "GET /cms/vendor/phpunit/phpunit/src/Util/PHP/eval-stdin.php HTTP/1.1" 404 492 "-" "Custom-AsyncHttpClient"
143.110.180.175 - - [30/Jul/2024:03:36:42 +0000] "GET /crm/vendor/phpunit/phpunit/src/Util/PHP/eval-stdin.php HTTP/1.1" 404 492 "-" "Custom-AsyncHttpClient"
143.110.180.175 - - [30/Jul/2024:03:36:44 +0000] "GET /admin/vendor/phpunit/phpunit/src/Util/PHP/eval-stdin.php HTTP/1.1" 404 492 "-" "Custom-AsyncHttpClient"
143.110.180.175 - - [30/Jul/2024:03:36:48 +0000] "GET /backup/vendor/phpunit/phpunit/src/Util/PHP/eval-stdin.php HTTP/1.1" 404 492 "-" "Custom-AsyncHttpClient"
143.110.180.175 - - [30/Jul/2024:03:36:51 +0000] "GET /blog/vendor/phpunit/phpunit/src/Util/PHP/eval-stdin.php HTTP/1.1" 404 492 "-" "Custom-AsyncHttpClient"
143.110.180.175 - - [30/Jul/2024:03:36:54 +0000] "GET /workspace/drupal/vendor/phpunit/phpunit/src/Util/PHP/eval-stdin.php HTTP/1.1" 404 492 "-" "Custom-AsyncHttpClient"
143.110.180.175 - - [30/Jul/2024:03:36:57 +0000] "GET /panel/vendor/phpunit/phpunit/src/Util/PHP/eval-stdin.php HTTP/1.1" 404 492 "-" "Custom-AsyncHttpClient"
143.110.180.175 - - [30/Jul/2024:03:37:00 +0000] "GET /public/vendor/phpunit/phpunit/src/Util/PHP/eval-stdin.php HTTP/1.1" 404 492 "-" "Custom-AsyncHttpClient"
143.110.180.175 - - [30/Jul/2024:03:37:03 +0000] "GET /apps/vendor/phpunit/phpunit/src/Util/PHP/eval-stdin.php HTTP/1.1" 404 492 "-" "Custom-AsyncHttpClient"
143.110.180.175 - - [30/Jul/2024:03:37:06 +0000] "GET /app/vendor/phpunit/phpunit/src/Util/PHP/eval-stdin.php HTTP/1.1" 404 492 "-" "Custom-AsyncHttpClient"
143.110.180.175 - - [30/Jul/2024:03:37:09 +0000] "GET /index.php?s=/index/\\think\\app/invokefunction&function=call_user_func_array&vars[0]=md5&vars[1][]=Hello HTTP/1.1" 404 492 "-" "Custom-AsyncHttpClient"
143.110.180.175 - - [30/Jul/2024:03:37:12 +0000] "GET /public/index.php?s=/index/\\think\\app/invokefunction&function=call_user_func_array&vars[0]=md5&vars[1][]=Hello HTTP/1.1" 404 492 "-" "Custom-AsyncHttpClient"
143.110.180.175 - - [30/Jul/2024:03:37:14 +0000] "GET /index.php?lang=../../../../../../../../usr/local/lib/php/pearcmd&+config-create+/&/<?echo(md5(\"hi\"));?>+/tmp/index1.php HTTP/1.1" 404 492 "-" "Custom-AsyncHttpClient"
143.110.180.175 - - [30/Jul/2024:03:37:18 +0000] "GET /index.php?lang=../../../../../../../../tmp/index1 HTTP/1.1" 404 492 "-" "Custom-AsyncHttpClient"
185.191.126.213 - - [30/Jul/2024:03:42:33 +0000] "GET / HTTP/1.1" 200 10926 "-" "-"
185.191.126.213 - - [30/Jul/2024:03:46:00 +0000] "GET / HTTP/1.1" 200 10926 "-" "-"
57.129.23.166 - - [30/Jul/2024:04:05:12 +0000] "GET /.env HTTP/1.1" 404 493 "-" "Mozilla/5.0 (X11; Linux x86_64) AppleWebKit/537.36 (KHTML, like Gecko) Chrome/81.0.4044.129 Safari/537.36"
57.129.23.166 - - [30/Jul/2024:04:05:12 +0000] "POST / HTTP/1.1" 200 3460 "-" "Mozilla/5.0 (X11; Linux x86_64) AppleWebKit/537.36 (KHTML, like Gecko) Chrome/81.0.4044.129 Safari/537.36"
143.110.222.166 - - [30/Jul/2024:04:09:03 +0000] "GET / HTTP/1.1" 200 3404 "-" "Mozilla/5.0 (iPhone; CPU iPhone OS 16_1 like Mac OS X) AppleWebKit/605.1.15 (KHTML, like Gecko) Version/16.1 Mobile/15E148 Safari/604.1"
46.30.174.24 - - [30/Jul/2024:04:11:50 +0000] "GET / HTTP/1.1" 200 10926 "-" "Mozilla/5.0 (Windows NT 10.0; WOW64) AppleWebKit/537.36 (KHTML, like Gecko) Chrome/52.0.2743.116 Safari/537.36"
149.50.103.48 - - [30/Jul/2024:04:23:40 +0000] "GET / HTTP/1.1" 200 10926 "-" "-"
147.185.132.219 - - [30/Jul/2024:04:32:13 +0000] "\x16\x03\x01" 400 483 "-" "-"
147.185.132.219 - - [30/Jul/2024:04:32:14 +0000] "\x16\x03\x01" 400 483 "-" "-"
57.129.23.166 - - [30/Jul/2024:04:57:37 +0000] "GET /.env HTTP/1.1" 404 493 "-" "Mozilla/5.0 (X11; Linux x86_64) AppleWebKit/537.36 (KHTML, like Gecko) Chrome/81.0.4044.129 Safari/537.36"
57.129.23.166 - - [30/Jul/2024:04:57:37 +0000] "POST / HTTP/1.1" 200 3460 "-" "Mozilla/5.0 (X11; Linux x86_64) AppleWebKit/537.36 (KHTML, like Gecko) Chrome/81.0.4044.129 Safari/537.36"
103.77.240.236 - - [30/Jul/2024:04:58:59 +0000] "CONNECT www.google.com:443 HTTP/1.1" 405 505 "-" "Go-http-client/1.1"
143.110.222.166 - - [30/Jul/2024:05:06:52 +0000] "GET / HTTP/1.1" 200 3404 "-" "Mozilla/5.0 (iPhone; CPU iPhone OS 16_1 like Mac OS X) AppleWebKit/605.1.15 (KHTML, like Gecko) Version/16.1 Mobile/15E148 Safari/604.1"
185.189.182.234 - - [30/Jul/2024:05:22:14 +0000] "GET / HTTP/1.1" 400 483 "-" "-"
5.8.11.202 - - [30/Jul/2024:05:22:37 +0000] "GET / HTTP/1.0" 200 10945 "-" "Mozilla/5.0 (BlackBerry; U; BlackBerry 9930; en-US) AppleWebKit/534.11+ (KHTML, like Gecko) Version/7.1.0.267 Mobile Safari/534.11+"
57.151.49.60 - - [30/Jul/2024:05:25:42 +0000] "GET / HTTP/1.1" 200 3404 "-" "Mozilla/5.0 zgrab/0.x"
46.174.191.30 - - [30/Jul/2024:05:28:17 +0000] "GET / HTTP/1.0" 200 10945 "-" "Mozilla/5.0 (Windows NT 6.1; WOW64; Trident/7.0; AS; rv:11.0) like Gecko"
185.191.126.213 - - [30/Jul/2024:06:10:36 +0000] "GET / HTTP/1.1" 200 10926 "-" "-"
143.110.222.166 - - [30/Jul/2024:06:16:28 +0000] "GET / HTTP/1.1" 200 3404 "-" "Mozilla/5.0 (iPhone; CPU iPhone OS 16_1 like Mac OS X) AppleWebKit/605.1.15 (KHTML, like Gecko) Version/16.1 Mobile/15E148 Safari/604.1"
167.172.112.187 - - [30/Jul/2024:06:20:18 +0000] "GET / HTTP/1.1" 200 3423 "-" "Mozilla/5.0 (Macintosh; Intel Mac OS X 10_15_7) AppleWebKit/537.36 (KHTML, like Gecko) Chrome/92.0.4515.159 Safari/537.36"
159.89.95.39 - - [30/Jul/2024:06:20:18 +0000] "POST /wsman HTTP/1.1" 404 456 "-" "Mozilla/5.0 (Macintosh; Intel Mac OS X 10_15_7) AppleWebKit/537.36 (KHTML, like Gecko) Chrome/92.0.4515.159 Safari/537.36"
165.227.4.114 - - [30/Jul/2024:06:20:19 +0000] "GET /api/sonicos/auth HTTP/1.1" 404 456 "-" "Mozilla/5.0 (Macintosh; Intel Mac OS X 10_15_7) AppleWebKit/537.36 (KHTML, like Gecko) Chrome/92.0.4515.159 Safari/537.36"
165.227.4.114 - - [30/Jul/2024:06:20:19 +0000] "GET /auth1.html HTTP/1.1" 404 456 "-" "Mozilla/5.0 (Macintosh; Intel Mac OS X 10_15_7) AppleWebKit/537.36 (KHTML, like Gecko) Chrome/92.0.4515.159 Safari/537.36"
165.227.4.114 - - [30/Jul/2024:06:20:19 +0000] "GET /api/sonicos/tfa HTTP/1.1" 404 456 "-" "Mozilla/5.0 (Macintosh; Intel Mac OS X 10_15_7) AppleWebKit/537.36 (KHTML, like Gecko) Chrome/92.0.4515.159 Safari/537.36"
165.227.4.114 - - [30/Jul/2024:06:20:19 +0000] "GET /sslvpnLogin.html HTTP/1.1" 404 456 "-" "Mozilla/5.0 (Macintosh; Intel Mac OS X 10_15_7) AppleWebKit/537.36 (KHTML, like Gecko) Chrome/92.0.4515.159 Safari/537.36"
165.227.4.114 - - [30/Jul/2024:06:20:19 +0000] "GET /auth.html HTTP/1.1" 404 456 "-" "Mozilla/5.0 (Macintosh; Intel Mac OS X 10_15_7) AppleWebKit/537.36 (KHTML, like Gecko) Chrome/92.0.4515.159 Safari/537.36"
165.227.4.114 - - [30/Jul/2024:06:20:19 +0000] "GET / HTTP/1.1" 200 3423 "-" "Mozilla/5.0 (Macintosh; Intel Mac OS X 10_15_7) AppleWebKit/537.36 (KHTML, like Gecko) Chrome/92.0.4515.159 Safari/537.36"
165.227.4.112 - - [30/Jul/2024:06:20:24 +0000] "GET / HTTP/1.1" 200 10926 "-" "Mozilla/5.0 (Windows NT 10.0; Win64; x64; rv:109.0) Gecko/20100101 Firefox/109.0"
45.33.33.230 - - [30/Jul/2024:06:20:41 +0000] "GET / HTTP/1.1" 200 3404 "-" "Mozilla/5.0 (Windows NT 10.0; Win64; x64) AppleWebKit/537.36 (KHTML, like Gecko) Chrome/83.0.4103.61 Safari/537.36"
45.33.33.230 - - [30/Jul/2024:06:20:41 +0000] "GET /favicon.ico HTTP/1.1" 404 437 "-" "Mozilla/5.0 (Windows NT 10.0; Win64; x64) AppleWebKit/537.36 (KHTML, like Gecko) Chrome/83.0.4103.61 Safari/537.36"
45.33.33.230 - - [30/Jul/2024:06:28:25 +0000] "GET / HTTP/1.1" 200 3460 "-" "Mozilla/5.0 (Windows NT 10.0; Win64; x64) AppleWebKit/537.36 (KHTML, like Gecko) Chrome/83.0.4103.61 Safari/537.36"
204.93.149.224 - - [30/Jul/2024:06:34:01 +0000] "GET / HTTP/1.1" 200 10982 "-" "Mozilla/5.0 (Windows NT 10.0; Win64; x64) AppleWebKit/537.36 (KHTML, like Gecko) Chrome/78.0.3904.108 Safari/537.36"
204.93.149.224 - - [30/Jul/2024:06:34:01 +0000] "GET / HTTP/1.1" 200 10981 "-" "Mozilla/5.0 (Windows NT 10.0; Win64; x64) AppleWebKit/537.36 (KHTML, like Gecko) Chrome/78.0.3904.108 Safari/537.36"
204.93.149.224 - - [30/Jul/2024:06:34:02 +0000] "GET /wp-includes/wlwmanifest.xml HTTP/1.1" 404 492 "-" "Mozilla/5.0 (Windows NT 10.0; Win64; x64) AppleWebKit/537.36 (KHTML, like Gecko) Chrome/78.0.3904.108 Safari/537.36"
204.93.149.224 - - [30/Jul/2024:06:34:02 +0000] "GET /xmlrpc.php?rsd HTTP/1.1" 404 492 "-" "Mozilla/5.0 (Windows NT 10.0; Win64; x64) AppleWebKit/537.36 (KHTML, like Gecko) Chrome/78.0.3904.108 Safari/537.36"
204.93.149.224 - - [30/Jul/2024:06:34:02 +0000] "GET / HTTP/1.1" 200 10981 "-" "Mozilla/5.0 (Windows NT 10.0; Win64; x64) AppleWebKit/537.36 (KHTML, like Gecko) Chrome/78.0.3904.108 Safari/537.36"
204.93.149.224 - - [30/Jul/2024:06:34:02 +0000] "GET /blog/wp-includes/wlwmanifest.xml HTTP/1.1" 404 492 "-" "Mozilla/5.0 (Windows NT 10.0; Win64; x64) AppleWebKit/537.36 (KHTML, like Gecko) Chrome/78.0.3904.108 Safari/537.36"
204.93.149.224 - - [30/Jul/2024:06:34:02 +0000] "GET /web/wp-includes/wlwmanifest.xml HTTP/1.1" 404 492 "-" "Mozilla/5.0 (Windows NT 10.0; Win64; x64) AppleWebKit/537.36 (KHTML, like Gecko) Chrome/78.0.3904.108 Safari/537.36"
204.93.149.224 - - [30/Jul/2024:06:34:02 +0000] "GET /wordpress/wp-includes/wlwmanifest.xml HTTP/1.1" 404 492 "-" "Mozilla/5.0 (Windows NT 10.0; Win64; x64) AppleWebKit/537.36 (KHTML, like Gecko) Chrome/78.0.3904.108 Safari/537.36"
204.93.149.224 - - [30/Jul/2024:06:34:02 +0000] "GET /website/wp-includes/wlwmanifest.xml HTTP/1.1" 404 492 "-" "Mozilla/5.0 (Windows NT 10.0; Win64; x64) AppleWebKit/537.36 (KHTML, like Gecko) Chrome/78.0.3904.108 Safari/537.36"
204.93.149.224 - - [30/Jul/2024:06:34:03 +0000] "GET /wp/wp-includes/wlwmanifest.xml HTTP/1.1" 404 492 "-" "Mozilla/5.0 (Windows NT 10.0; Win64; x64) AppleWebKit/537.36 (KHTML, like Gecko) Chrome/78.0.3904.108 Safari/537.36"
204.93.149.224 - - [30/Jul/2024:06:34:03 +0000] "GET /news/wp-includes/wlwmanifest.xml HTTP/1.1" 404 492 "-" "Mozilla/5.0 (Windows NT 10.0; Win64; x64) AppleWebKit/537.36 (KHTML, like Gecko) Chrome/78.0.3904.108 Safari/537.36"
204.93.149.224 - - [30/Jul/2024:06:34:03 +0000] "GET /2018/wp-includes/wlwmanifest.xml HTTP/1.1" 404 492 "-" "Mozilla/5.0 (Windows NT 10.0; Win64; x64) AppleWebKit/537.36 (KHTML, like Gecko) Chrome/78.0.3904.108 Safari/537.36"
204.93.149.224 - - [30/Jul/2024:06:34:03 +0000] "GET /2019/wp-includes/wlwmanifest.xml HTTP/1.1" 404 492 "-" "Mozilla/5.0 (Windows NT 10.0; Win64; x64) AppleWebKit/537.36 (KHTML, like Gecko) Chrome/78.0.3904.108 Safari/537.36"
204.93.149.224 - - [30/Jul/2024:06:34:03 +0000] "GET /shop/wp-includes/wlwmanifest.xml HTTP/1.1" 404 492 "-" "Mozilla/5.0 (Windows NT 10.0; Win64; x64) AppleWebKit/537.36 (KHTML, like Gecko) Chrome/78.0.3904.108 Safari/537.36"
204.93.149.224 - - [30/Jul/2024:06:34:03 +0000] "GET /wp1/wp-includes/wlwmanifest.xml HTTP/1.1" 404 492 "-" "Mozilla/5.0 (Windows NT 10.0; Win64; x64) AppleWebKit/537.36 (KHTML, like Gecko) Chrome/78.0.3904.108 Safari/537.36"
204.93.149.224 - - [30/Jul/2024:06:34:04 +0000] "GET /test/wp-includes/wlwmanifest.xml HTTP/1.1" 404 492 "-" "Mozilla/5.0 (Windows NT 10.0; Win64; x64) AppleWebKit/537.36 (KHTML, like Gecko) Chrome/78.0.3904.108 Safari/537.36"
204.93.149.224 - - [30/Jul/2024:06:34:04 +0000] "GET /media/wp-includes/wlwmanifest.xml HTTP/1.1" 404 492 "-" "Mozilla/5.0 (Windows NT 10.0; Win64; x64) AppleWebKit/537.36 (KHTML, like Gecko) Chrome/78.0.3904.108 Safari/537.36"
204.93.149.224 - - [30/Jul/2024:06:34:04 +0000] "GET /wp2/wp-includes/wlwmanifest.xml HTTP/1.1" 404 492 "-" "Mozilla/5.0 (Windows NT 10.0; Win64; x64) AppleWebKit/537.36 (KHTML, like Gecko) Chrome/78.0.3904.108 Safari/537.36"
204.93.149.224 - - [30/Jul/2024:06:34:04 +0000] "GET /site/wp-includes/wlwmanifest.xml HTTP/1.1" 404 492 "-" "Mozilla/5.0 (Windows NT 10.0; Win64; x64) AppleWebKit/537.36 (KHTML, like Gecko) Chrome/78.0.3904.108 Safari/537.36"
204.93.149.224 - - [30/Jul/2024:06:34:04 +0000] "GET /cms/wp-includes/wlwmanifest.xml HTTP/1.1" 404 492 "-" "Mozilla/5.0 (Windows NT 10.0; Win64; x64) AppleWebKit/537.36 (KHTML, like Gecko) Chrome/78.0.3904.108 Safari/537.36"
204.93.149.224 - - [30/Jul/2024:06:34:04 +0000] "GET /sito/wp-includes/wlwmanifest.xml HTTP/1.1" 404 492 "-" "Mozilla/5.0 (Windows NT 10.0; Win64; x64) AppleWebKit/537.36 (KHTML, like Gecko) Chrome/78.0.3904.108 Safari/537.36"
142.93.250.15 - - [30/Jul/2024:06:45:33 +0000] "GET / HTTP/1.0" 200 10945 "-" "-"
64.225.32.124 - - [30/Jul/2024:06:45:43 +0000] "GET / HTTP/1.0" 200 10945 "-" "-"
64.225.32.124 - - [30/Jul/2024:06:45:44 +0000] "Gh0st\xad" 400 483 "-" "-"
64.225.32.124 - - [30/Jul/2024:06:45:48 +0000] "HELP" 400 483 "-" "-"
64.225.32.124 - - [30/Jul/2024:06:45:48 +0000] "\x1b\x84\xd5\xb0]\xf4\xc4\x93\xc50\xc2X\x8c\xda\xb1\xd7\xac\xafn\x1d\xe1\x1e\x1a3*\x85\xb7\x1d'\xb1\xc9k\xbf\xf0\xbc\n" 400 483 "-" "-"
64.225.32.124 - - [30/Jul/2024:06:45:49 +0000] "\x16\x03\x01" 400 483 "-" "-"
64.225.32.124 - - [30/Jul/2024:06:45:51 +0000] "\xbd\xff\x9e\xffE\xff\x9e\xff\xbd\xff\x9e\xff\xa4\xff\x86\xff\xc4\xff\xbe\xff\xc7\xff\xdb\xff\xee\xff\xd9\xff\xed\xff\xa4\xff\x9d\xff\xcf\xff\xd8\xff\xe5\xff\x04\xff\x12\xff0\xff\xb1\xff\xbd\xff\xe7\xff\xe2\xff\xdd\xff\xdc\xff\xde\xff\xc8\xff\xcc\xff\xbe\xff\xf8\xff&\xff\x01\xff\x0f\xff\xf5\xff\x06\xff\xff\xff\xf7\xff!\xff\xde\xff\x02\xff&\xff\x0c\xff\x01\xff\xf5\xff\n" 400 483 "-" "-"
93.174.93.12 - - [30/Jul/2024:06:49:03 +0000] "GET / HTTP/1.0" 200 10945 "-" "Mozilla/5.0 (Linux; Android 9; MI 8 Lite) AppleWebKit/537.36 (KHTML, like Gecko) Chrome/76.0.3809.111 Mobile Safari/537.36"
185.224.128.43 - - [30/Jul/2024:07:03:36 +0000] "GET / HTTP/1.1" 200 3460 "-" "Mozilla/5.0 (Windows NT 10.0; Win64; x64) AppleWebKit/537.36 (KHTML, like Gecko) Chrome/90.0.4430.85 Safari/537.36 Edg/90.0.818.46"
149.50.103.48 - - [30/Jul/2024:07:07:52 +0000] "GET / HTTP/1.1" 200 10926 "-" "-"
94.156.68.162 - - [30/Jul/2024:07:10:16 +0000] "GET /.env HTTP/1.1" 404 456 "-" "Wget/1.12 (freebsd8.1)"
143.110.222.166 - - [30/Jul/2024:07:12:15 +0000] "GET / HTTP/1.1" 200 3404 "-" "Mozilla/5.0 (iPhone; CPU iPhone OS 16_1 like Mac OS X) AppleWebKit/605.1.15 (KHTML, like Gecko) Version/16.1 Mobile/15E148 Safari/604.1"
64.227.97.195 - - [30/Jul/2024:07:14:18 +0000] "GET /squid-internal-mgr/cachemgr.cgi HTTP/1.1" 404 437 "-" "Mozilla/5.0 zgrab/0.x"
57.129.23.166 - - [30/Jul/2024:07:17:38 +0000] "GET /.env HTTP/1.1" 404 493 "-" "Mozilla/5.0 (X11; Linux x86_64) AppleWebKit/537.36 (KHTML, like Gecko) Chrome/81.0.4044.129 Safari/537.36"
57.129.23.166 - - [30/Jul/2024:07:17:38 +0000] "POST / HTTP/1.1" 200 3460 "-" "Mozilla/5.0 (X11; Linux x86_64) AppleWebKit/537.36 (KHTML, like Gecko) Chrome/81.0.4044.129 Safari/537.36"
92.249.48.208 - - [30/Jul/2024:07:18:26 +0000] "GET / HTTP/1.1" 200 10926 "-" "-"
68.183.207.197 - - [30/Jul/2024:07:31:03 +0000] "\x16\x03\x01" 400 483 "-" "-"
68.183.207.197 - - [30/Jul/2024:07:31:03 +0000] "\x16\x03\x01" 400 483 "-" "-"
